/Users/chris/Library/Python/3.9/lib/python/site-packages/urllib3/__init__.py:35: NotOpenSSLWarning: urllib3 v2 only supports OpenSSL 1.1.1+, currently the 'ssl' module is compiled with 'LibreSSL 2.8.3'. See: https://github.com/urllib3/urllib3/issues/3020
  warnings.warn(
[SchwabReAuth] Starting Schwab token refresh...
[SchwabReAuth] ✅ Token refreshed via refresh_token grant
[SchwabReAuth] ✅ Token verified — AAPL: $311.8364
[SchwabReAuth] Done — refresh token grant succeeded
/Users/chris/Library/Python/3.9/lib/python/site-packages/urllib3/__init__.py:35: NotOpenSSLWarning: urllib3 v2 only supports OpenSSL 1.1.1+, currently the 'ssl' module is compiled with 'LibreSSL 2.8.3'. See: https://github.com/urllib3/urllib3/issues/3020
  warnings.warn(
[SchwabReAuth] Starting Schwab token refresh...
[SchwabReAuth] ✅ Token refreshed via refresh_token grant
[SchwabReAuth] ✅ Token verified — AAPL: $310.56
[SchwabReAuth] Done — refresh token grant succeeded
/Users/chris/Library/Python/3.9/lib/python/site-packages/urllib3/__init__.py:35: NotOpenSSLWarning: urllib3 v2 only supports OpenSSL 1.1.1+, currently the 'ssl' module is compiled with 'LibreSSL 2.8.3'. See: https://github.com/urllib3/urllib3/issues/3020
  warnings.warn(
[SchwabReAuth] Starting Schwab token refresh...
[SchwabReAuth] ✅ Token refreshed via refresh_token grant
[SchwabReAuth] ✅ Token verified — AAPL: $311.35
[SchwabReAuth] Done — refresh token grant succeeded
/Users/chris/Library/Python/3.9/lib/python/site-packages/urllib3/__init__.py:35: NotOpenSSLWarning: urllib3 v2 only supports OpenSSL 1.1.1+, currently the 'ssl' module is compiled with 'LibreSSL 2.8.3'. See: https://github.com/urllib3/urllib3/issues/3020
  warnings.warn(
[SchwabReAuth] Starting Schwab token refresh...
[SchwabReAuth] ✅ Token refreshed via refresh_token grant
[SchwabReAuth] ✅ Token verified — AAPL: $311.35
[SchwabReAuth] Done — refresh token grant succeeded
/Users/chris/Library/Python/3.9/lib/python/site-packages/urllib3/__init__.py:35: NotOpenSSLWarning: urllib3 v2 only supports OpenSSL 1.1.1+, currently the 'ssl' module is compiled with 'LibreSSL 2.8.3'. See: https://github.com/urllib3/urllib3/issues/3020
  warnings.warn(
[SchwabReAuth] Starting Schwab token refresh...
[SchwabReAuth] ✅ Token refreshed via refresh_token grant
[SchwabReAuth] ✅ Token verified — AAPL: $311.35
[SchwabReAuth] Done — refresh token grant succeeded
/Users/chris/Library/Python/3.9/lib/python/site-packages/urllib3/__init__.py:35: NotOpenSSLWarning: urllib3 v2 only supports OpenSSL 1.1.1+, currently the 'ssl' module is compiled with 'LibreSSL 2.8.3'. See: https://github.com/urllib3/urllib3/issues/3020
  warnings.warn(
[SchwabReAuth] Starting Schwab token refresh...
[SchwabReAuth] ✅ Token refreshed via refresh_token grant
[SchwabReAuth] ✅ Token verified — AAPL: $312.4
[SchwabReAuth] Done — refresh token grant succeeded
/Users/chris/Library/Python/3.9/lib/python/site-packages/urllib3/__init__.py:35: NotOpenSSLWarning: urllib3 v2 only supports OpenSSL 1.1.1+, currently the 'ssl' module is compiled with 'LibreSSL 2.8.3'. See: https://github.com/urllib3/urllib3/issues/3020
  warnings.warn(
[SchwabReAuth] Starting Schwab token refresh...
[SchwabReAuth] ✅ Token refreshed via refresh_token grant
[SchwabReAuth] ✅ Token verified — AAPL: $314.9999
[SchwabReAuth] Done — refresh token grant succeeded
